2026-09-15 08:20:21,000 - [tess_diffimg_TESS.npy] Starting preprocessing...
2026-09-15 08:20:21,000 - Loading difference image data from /outputs/job_0/diff_img_extracted/tess_diffimg_TESS.npy
2026-09-15 08:20:21,001 - Number of TCEs to preprocess: 1
2026-09-15 08:20:21,001 - [tess_diffimg_TESS] Preprocessed 1 example(s) out of 1.
2026-09-15 08:20:21,742 - Saving preprocessed data to /outputs/job_0/diff_img_preprocessed/tess_diffimg_TESS/diffimg_preprocess.npy...
2026-09-15 08:20:21,743 - [tess_diffimg_TESS] Finished preprocessing difference image data for 1/1 TCEs.
2026-09-15 08:20:42,706 - [tess_diffimg_TESS.npy] Starting preprocessing...
2026-09-15 08:20:42,706 - Loading difference image data from /outputs/job_1/diff_img_extracted/tess_diffimg_TESS.npy
2026-09-15 08:20:42,708 - Number of TCEs to preprocess: 1
2026-09-15 08:20:42,708 - [tess_diffimg_TESS] Preprocessed 1 example(s) out of 1.
2026-09-15 08:20:43,372 - Saving preprocessed data to /outputs/job_1/diff_img_preprocessed/tess_diffimg_TESS/diffimg_preprocess.npy...
2026-09-15 08:20:43,373 - [tess_diffimg_TESS] Finished preprocessing difference image data for 1/1 TCEs.
2026-09-15 08:27:07,657 - [tess_diffimg_TESS.npy] Starting preprocessing...
2026-09-15 08:27:07,657 - Loading difference image data from /outputs/job_0/diff_img_extracted/tess_diffimg_TESS.npy
2026-09-15 08:27:07,658 - Number of TCEs to preprocess: 1
2026-09-15 08:27:07,658 - [tess_diffimg_TESS] Preprocessed 1 example(s) out of 1.
2026-09-15 08:27:08,397 - Saving preprocessed data to /outputs/job_0/diff_img_preprocessed/tess_diffimg_TESS/diffimg_preprocess.npy...
2026-09-15 08:27:08,399 - [tess_diffimg_TESS] Finished preprocessing difference image data for 1/1 TCEs.
2026-09-15 08:27:29,069 - [tess_diffimg_TESS.npy] Starting preprocessing...
2026-09-15 08:27:29,069 - Loading difference image data from /outputs/job_1/diff_img_extracted/tess_diffimg_TESS.npy
2026-09-15 08:27:29,070 - Number of TCEs to preprocess: 1
2026-09-15 08:27:29,071 - [tess_diffimg_TESS] Preprocessed 1 example(s) out of 1.
2026-09-15 08:27:29,825 - Saving preprocessed data to /outputs/job_1/diff_img_preprocessed/tess_diffimg_TESS/diffimg_preprocess.npy...
2026-09-15 08:27:29,827 - [tess_diffimg_TESS] Finished preprocessing difference image data for 1/1 TCEs.
