2026-09-15 08:27:09,873 - [1] Starting run for 1 TIC IDs in job 1...
2026-09-15 08:27:09,873 - [1] Downloading light curve FITS files for the requested TIC IDs...
2026-09-15 08:27:09,873 - Downloading light curve data for TIC 167526485 in sector run 6-6 (2min data)...
2026-09-15 08:27:23,166 - INFO
2026-09-15 08:27:23,167 - : Found cached file /outputs/job_1/mastDownload/TESS/tess2018349182500-s0006-0000000167526485-0126-s/tess2018349182500-s0006-0000000167526485-0126-s_lc.fits with expected size 1598400. [astroquery.mast.cloud]
2026-09-15 08:27:23,174 - Finished downloading light curve data for TIC 167526485 in sector run 6-6 (2min data)...
2026-09-15 08:27:23,193 - [1] Downloading DV XML files for the requested TIC IDs...
2026-09-15 08:27:23,193 - Downloading DV XML data for TIC 167526485 in sector run 6-6 (2min data)...
2026-09-15 08:27:24,928 - Found more than one DV XML file for TIC 167526485 in sector run 6-6. Versions found: [415, 144]. Considering only the most recent one: 415
2026-09-15 08:27:26,419 - INFO
2026-09-15 08:27:26,419 - : Found cached file /outputs/job_1/mastDownload/TESS/tess2018349182500-s0006-0000000167526485-0126-s/tess2018349182737-s0006-s0006-0000000167526485-00415_dvr.xml with expected size 121087. [astroquery.mast.cloud]
2026-09-15 08:27:26,424 - Finished downloading DV XML data for TIC 167526485 in sector run 6-6 (2min data)...
2026-09-15 08:27:26,443 - [1] Creating TESS SPOC TCE table from DV XML files downloaded for the requested TIC IDs...
2026-09-15 08:27:26,500 - [1] Preprocessing light curve data for the requested TIC IDs...
2026-09-15 08:27:29,018 - [1] Finished preprocessing light curve data for the requested TIC IDs.
2026-09-15 08:27:29,019 - [1] Creating auxiliary shards table for the TFRecord dataset...
2026-09-15 08:27:29,044 - [1] Created auxiliary shards table for the TFRecord dataset.
2026-09-15 08:27:29,045 - [1] Extracting difference image data from the DV XML files for the requested TIC IDs...
2026-09-15 08:27:29,059 - [1] Preprocessing difference image data for the requested TIC IDs...
2026-09-15 08:27:29,828 - [1] Adding preprocessed difference image data to the TFRecord dataset for the requested TIC IDs...
2026-09-15 08:27:29,956 - [1] Created TCE summary files for the preprocessed data...
2026-09-15 08:27:30,056 - [1] Normalizing features for the TCEs in the TFRecord dataset using set of normalization statistics provided...
2026-09-15 08:27:31,681 - [1] Finished run for job 1 for 1 TIC IDs.
