2026-09-15 08:20:18 - Read TCE table with 1 examples.
2026-09-15 08:20:18 - Process shard 0 (1 total shards)
2026-09-15 08:20:18 - 0: Processing 1 TCEs (1 targets) in shard shard-00000-of-00001-node-2.
2026-09-15 08:20:18 - 0: Processing 1 TCEs for target 261136679-1 in shard shard-00000-of-00001-node-2 (0/1)...
2026-09-15 08:20:18 - [261136679-1] Reading light curve data for target 261136679-1.
2026-09-15 08:20:18 - [261136679-1] Using targets' RA and Dec coordinates from the TCE table.
2026-09-15 08:20:18 - [261136679-1] Finding transits for all detected TCEs in target.
2026-09-15 08:20:18 - [261136679-1] Preprocessing light curve data for target 261136679-1...
2026-09-15 08:20:18 - [261136679-1] SG detrending model flux data info. Chosen polynomial order: 5
2026-09-15 08:20:18 - [261136679-1] SG detrending model centroid x data info. Chosen polynomial order: 2
2026-09-15 08:20:19 - [261136679-1] SG detrending model centroid y data info. Chosen polynomial order: 2
2026-09-15 08:20:19 - [261136679-1] Finished preprocessing light curve data for target 261136679-1.
 Started preprocessing 1 TCEs...
2026-09-15 08:20:19 - Preprocessing TCE 261136679-1-S1 for target 261136679-1...
2026-09-15 08:20:19 - [261136679-1-S1] Computing periodogram data for TCE...
2026-09-15 08:20:19 - [261136679-1-S1] Phase-folding time series using TCE's orbital period found in TCE table...
2026-09-15 08:20:19 - [261136679-1-S1] Generating features for TCE based on preprocessed light curve data...
2026-09-15 08:20:20 - Finished preprocessed TCE 261136679-1-S1 for target 261136679-1. Status: True
2026-09-15 08:20:20 - Spent 0.03333333333333333 minutes preprocessing 1 TCEs for target 261136679-1.
2026-09-15 08:20:20 - Preprocessed 1/1 TCEs for target 261136679-1 in shard shard-00000-of-00001-node-2.
2026-09-15 08:20:20 - 0: Wrote 1/1 TCEs in 1/1 targets to shard shard-00000-of-00001-node-2. Failed to preprocess 0 TCEs. Spent (HH:MM:SS): 0:00:02.
2026-09-15 08:27:04 - Read TCE table with 1 examples.
2026-09-15 08:27:04 - Process shard 0 (1 total shards)
2026-09-15 08:27:04 - 0: Processing 1 TCEs (1 targets) in shard shard-00000-of-00001-node-3.
2026-09-15 08:27:04 - 0: Processing 1 TCEs for target 261136679-1 in shard shard-00000-of-00001-node-3 (0/1)...
2026-09-15 08:27:04 - [261136679-1] Reading light curve data for target 261136679-1.
2026-09-15 08:27:04 - [261136679-1] Using targets' RA and Dec coordinates from the TCE table.
2026-09-15 08:27:04 - [261136679-1] Finding transits for all detected TCEs in target.
2026-09-15 08:27:04 - [261136679-1] Preprocessing light curve data for target 261136679-1...
2026-09-15 08:27:05 - [261136679-1] SG detrending model flux data info. Chosen polynomial order: 5
2026-09-15 08:27:05 - [261136679-1] SG detrending model centroid x data info. Chosen polynomial order: 2
2026-09-15 08:27:05 - [261136679-1] SG detrending model centroid y data info. Chosen polynomial order: 2
2026-09-15 08:27:05 - [261136679-1] Finished preprocessing light curve data for target 261136679-1.
 Started preprocessing 1 TCEs...
2026-09-15 08:27:05 - Preprocessing TCE 261136679-1-S1 for target 261136679-1...
2026-09-15 08:27:05 - [261136679-1-S1] Computing periodogram data for TCE...
2026-09-15 08:27:06 - [261136679-1-S1] Phase-folding time series using TCE's orbital period found in TCE table...
2026-09-15 08:27:06 - [261136679-1-S1] Generating features for TCE based on preprocessed light curve data...
2026-09-15 08:27:07 - Finished preprocessed TCE 261136679-1-S1 for target 261136679-1. Status: True
2026-09-15 08:27:07 - Spent 0.05 minutes preprocessing 1 TCEs for target 261136679-1.
2026-09-15 08:27:07 - Preprocessed 1/1 TCEs for target 261136679-1 in shard shard-00000-of-00001-node-3.
2026-09-15 08:27:07 - 0: Wrote 1/1 TCEs in 1/1 targets to shard shard-00000-of-00001-node-3. Failed to preprocess 0 TCEs. Spent (HH:MM:SS): 0:00:03.
