2026-09-15 08:20:40 - Read TCE table with 1 examples.
2026-09-15 08:20:40 - Process shard 0 (1 total shards)
2026-09-15 08:20:40 - 0: Processing 1 TCEs (1 targets) in shard shard-00000-of-00001-node-2.
2026-09-15 08:20:40 - 0: Processing 1 TCEs for target 167526485-6 in shard shard-00000-of-00001-node-2 (0/1)...
2026-09-15 08:20:40 - [167526485-6] Reading light curve data for target 167526485-6.
2026-09-15 08:20:40 - [167526485-6] Using targets' RA and Dec coordinates from the TCE table.
2026-09-15 08:20:40 - [167526485-6] Finding transits for all detected TCEs in target.
2026-09-15 08:20:40 - [167526485-6] Preprocessing light curve data for target 167526485-6...
2026-09-15 08:20:40 - [167526485-6] SG detrending model flux data info. Chosen polynomial order: 2
2026-09-15 08:20:40 - [167526485-6] SG detrending model centroid x data info. Chosen polynomial order: 3
2026-09-15 08:20:40 - [167526485-6] SG detrending model centroid y data info. Chosen polynomial order: 3
2026-09-15 08:20:40 - [167526485-6] Finished preprocessing light curve data for target 167526485-6.
 Started preprocessing 1 TCEs...
2026-09-15 08:20:41 - Preprocessing TCE 167526485-1-S6 for target 167526485-6...
2026-09-15 08:20:41 - [167526485-1-S6] Computing periodogram data for TCE...
2026-09-15 08:20:41 - [167526485-1-S6] Phase-folding time series using TCE's orbital period found in TCE table...
2026-09-15 08:20:41 - [167526485-1-S6] Generating features for TCE based on preprocessed light curve data...
2026-09-15 08:20:42 - Finished preprocessed TCE 167526485-1-S6 for target 167526485-6. Status: True
2026-09-15 08:20:42 - Spent 0.03333333333333333 minutes preprocessing 1 TCEs for target 167526485-6.
2026-09-15 08:20:42 - Preprocessed 1/1 TCEs for target 167526485-6 in shard shard-00000-of-00001-node-2.
2026-09-15 08:20:42 - 0: Wrote 1/1 TCEs in 1/1 targets to shard shard-00000-of-00001-node-2. Failed to preprocess 0 TCEs. Spent (HH:MM:SS): 0:00:02.
2026-09-15 08:27:26 - Read TCE table with 1 examples.
2026-09-15 08:27:26 - Process shard 0 (1 total shards)
2026-09-15 08:27:26 - 0: Processing 1 TCEs (1 targets) in shard shard-00000-of-00001-node-3.
2026-09-15 08:27:26 - 0: Processing 1 TCEs for target 167526485-6 in shard shard-00000-of-00001-node-3 (0/1)...
2026-09-15 08:27:26 - [167526485-6] Reading light curve data for target 167526485-6.
2026-09-15 08:27:26 - [167526485-6] Using targets' RA and Dec coordinates from the TCE table.
2026-09-15 08:27:26 - [167526485-6] Finding transits for all detected TCEs in target.
2026-09-15 08:27:26 - [167526485-6] Preprocessing light curve data for target 167526485-6...
2026-09-15 08:27:26 - [167526485-6] SG detrending model flux data info. Chosen polynomial order: 2
2026-09-15 08:27:27 - [167526485-6] SG detrending model centroid x data info. Chosen polynomial order: 3
2026-09-15 08:27:27 - [167526485-6] SG detrending model centroid y data info. Chosen polynomial order: 3
2026-09-15 08:27:27 - [167526485-6] Finished preprocessing light curve data for target 167526485-6.
 Started preprocessing 1 TCEs...
2026-09-15 08:27:27 - Preprocessing TCE 167526485-1-S6 for target 167526485-6...
2026-09-15 08:27:27 - [167526485-1-S6] Computing periodogram data for TCE...
2026-09-15 08:27:27 - [167526485-1-S6] Phase-folding time series using TCE's orbital period found in TCE table...
2026-09-15 08:27:27 - [167526485-1-S6] Generating features for TCE based on preprocessed light curve data...
2026-09-15 08:27:29 - Finished preprocessed TCE 167526485-1-S6 for target 167526485-6. Status: True
2026-09-15 08:27:29 - Spent 0.05 minutes preprocessing 1 TCEs for target 167526485-6.
2026-09-15 08:27:29 - Preprocessed 1/1 TCEs for target 167526485-6 in shard shard-00000-of-00001-node-3.
2026-09-15 08:27:29 - 0: Wrote 1/1 TCEs in 1/1 targets to shard shard-00000-of-00001-node-3. Failed to preprocess 0 TCEs. Spent (HH:MM:SS): 0:00:03.
