2026-09-15 08:26:44,589 - Started run for ExoMiner.
2026-09-15 08:26:44,589 - 
######################
Documentation can be found at: https://github.com/nasa/Exominer/tree/main/docs/index.md
######################
2026-09-15 08:26:44,589 - Preparing inputs and adjusting configuration file...
2026-09-15 08:26:44,595 - Found 8 CPUs in this system. Number of cores requested: 1. Adjusting if needed...
2026-09-15 08:26:44,601 - Done.
2026-09-15 08:26:44,601 - Validating TIC IDs CSV file structure...
2026-09-15 08:26:44,601 - TIC IDs CSV structure validation passed. Found 2 valid entries.
2026-09-15 08:26:44,601 - TIC IDs CSV file structure validation completed.
2026-09-15 08:26:44,603 - Found 2 TIC IDs. Saving TIC IDs to tics_tbl.csv...
2026-09-15 08:26:44,603 - Checking validity of configuration file...
2026-09-15 08:26:44,603 - Done checking configuration file.
2026-09-15 08:26:44,625 - Split TIC IDs into 2 jobs to be processed in parallel using 1 process(es).
2026-09-15 08:26:44,625 - Started running ExoMiner pipeline on 1 process(es) for 2 job(s)...
2026-09-15 08:27:32,174 - Job 0 is complete.
2026-09-15 08:27:32,175 - Job 1 is complete.
2026-09-15 08:27:32,177 - Found 2 TCE tracking files to aggregate.
2026-09-15 08:27:32,181 - Saved master TCE tracking summary to /outputs/master_tce_tracking_summary.csv.
2026-09-15 08:27:32,181 - Running inference on TCEs in the TFRecord dataset using trained ExoMiner model...
2026-09-15 08:27:32,319 - System specs: 8 CPUs, 1.0 GB Available RAM.
2026-09-15 08:27:32,319 - Calculated optimal parallel workers: 1 (CPU-bound: 7, RAM-bound: 1)
2026-09-15 08:27:32,319 - Starting parallel prediction loop with 1 workers, 8 threads per model...
2026-09-15 08:27:37,592 - Writing predictions for dataset spoc-tces_...
