2026-09-15 08:26:46,745 - [0] Starting run for 1 TIC IDs in job 0...
2026-09-15 08:26:46,745 - [0] Downloading light curve FITS files for the requested TIC IDs...
2026-09-15 08:26:46,745 - Downloading light curve data for TIC 261136679 in sector run 1-1 (2min data)...
2026-09-15 08:27:02,233 - INFO
2026-09-15 08:27:02,233 - : Found cached file /outputs/job_0/mastDownload/TESS/tess2018206045859-s0001-0000000261136679-0120-s/tess2018206045859-s0001-0000000261136679-0120-s_lc.fits with expected size 2039040. [astroquery.mast.cloud]
2026-09-15 08:27:02,241 - Finished downloading light curve data for TIC 261136679 in sector run 1-1 (2min data)...
2026-09-15 08:27:02,257 - [0] Downloading DV XML files for the requested TIC IDs...
2026-09-15 08:27:02,257 - Downloading DV XML data for TIC 261136679 in sector run 1-1 (2min data)...
2026-09-15 08:27:03,251 - Found more than one DV XML file for TIC 261136679 in sector run 1-1. Versions found: [106, 366]. Considering only the most recent one: 366
2026-09-15 08:27:04,789 - INFO
2026-09-15 08:27:04,790 - : Found cached file /outputs/job_0/mastDownload/TESS/tess2018206045859-s0001-0000000261136679-0120-s/tess2018206190142-s0001-s0001-0000000261136679-00366_dvr.xml with expected size 166091. [astroquery.mast.cloud]
2026-09-15 08:27:04,795 - Finished downloading DV XML data for TIC 261136679 in sector run 1-1 (2min data)...
2026-09-15 08:27:04,814 - [0] Creating TESS SPOC TCE table from DV XML files downloaded for the requested TIC IDs...
2026-09-15 08:27:04,868 - [0] Preprocessing light curve data for the requested TIC IDs...
2026-09-15 08:27:07,595 - [0] Finished preprocessing light curve data for the requested TIC IDs.
2026-09-15 08:27:07,595 - [0] Creating auxiliary shards table for the TFRecord dataset...
2026-09-15 08:27:07,631 - [0] Created auxiliary shards table for the TFRecord dataset.
2026-09-15 08:27:07,632 - [0] Extracting difference image data from the DV XML files for the requested TIC IDs...
2026-09-15 08:27:07,649 - [0] Preprocessing difference image data for the requested TIC IDs...
2026-09-15 08:27:08,399 - [0] Adding preprocessed difference image data to the TFRecord dataset for the requested TIC IDs...
2026-09-15 08:27:08,567 - [0] Created TCE summary files for the preprocessed data...
2026-09-15 08:27:08,664 - [0] Normalizing features for the TCEs in the TFRecord dataset using set of normalization statistics provided...
2026-09-15 08:27:09,869 - [0] Finished run for job 0 for 1 TIC IDs.
